[yangyuqing9527.wixsite.com/jobbrokeronline.html]
[static.parastorage.com/unpkg/core-js-bundle@3.2.1/minified.js]
[static.parastorage.com/unpkg/focus-within-polyfill@5.0.9/dist/focus-within-polyfill.js]
[polyfill.io/v3/polyfill.mind82c.js]
[yangyuqing9527.wixsite.com/jobbrokeronline/decodeURIComponent(e]
[browser.sentry-cdn.com/5.21.4/bundle.min.js]
[static.parastorage.com/services/santa-resources/resources/viewer/editorUI/fonts.v10.png]
[backblue.gif]
[fade.gif]
[index.html]
[yangyuqing9527.wixsite.com/jobbrokeronline/_api/v2/dynamicmodel.json]
[static.parastorage.com/services/pro-gallery-santa-wrapper/1.1327.0/blueprintsViewer.bundle.min.js]
[static.parastorage.com/services/chat-worker/1.430.0/viewer-script.bundle.min.js]
[static.parastorage.com/services/wix-thunderbolt/dist/clientWorker.db19ad4b.bundle.min.js]
[static.parastorage.com/services/wix-form-builder/1.3669.0/editor-app.bundle.min.js]
[static.parastorage.com/services/wix-form-builder/1.3669.0/viewer-app.bundle.min.js]
[static.parastorage.com/services/pro-gallery-santa-wrapper/1.1327.0/blueprintsViewerScript.bundle.min.js]
[static.parastorage.com/services/dbsm-viewer-app/1.1235.0/app.js]
[static.parastorage.com/services/wix-code-viewer-app/1.657.0/app.js]
[static.parastorage.com/services/editor-elements/1.2960.0/componentSSRSdks.bundle.js]
[static.parastorage.com/services/editor-elements/dist/componentSdks.054f2e01.bundle.min.js]
[yangyuqing9527.wixsite.com/jobbrokeronline/robots.txt]
[yangyuqing9527.wixsite.com/jobbrokeronline/wix-thunderbolt/dist/index.html]
[yangyuqing9527.wixsite.com/jobbrokeronline/sitemap.xml]
[yangyuqing9527.wixsite.com/jobbrokeronline/feed.xml]
[static.parastorage.com/services/editor-elements/dist/siteAssets.1a273c50.chunk.min.js]
[static.parastorage.com/services/editor-elements/dist/webpack-runtime.94f770e3.bundle.min.js]
[static.parastorage.com/services/wix-thunderbolt/dist/bootstrap-features.6df73955.chunk.min.js]
[yangyuqing9527.wixsite.com/jobbrokeronline/$&/index.html]
[static.parastorage.com/services/wix-thunderbolt/dist/main.c6b5464c.chunk.min.js]
[static.parastorage.com/unpkg/lodash@4.17.15/lodash.min.js]
[static.parastorage.com/services/wix-thunderbolt/dist/wix-code-sdk-providers.c2f86878.chunk.min.js]
[yangyuqing9527.wixsite.com/_partials/index.html]
[static.parastorage.com/services/wix-thunderbolt/dist/ooi.16105056.chunk.min.js]
[static.parastorage.com/services/wix-thunderbolt/dist/siteMembers.cee90d6a.chunk.min.js]
[static.parastorage.com/services/wix-thunderbolt/dist/siteScrollBlocker.0fd920dd.chunk.min.js]
[static.parastorage.com/services/wix-thunderbolt/dist/tpaCommons.eaa77134.chunk.min.js]
[static.parastorage.com/services/wix-thunderbolt/dist/windowMessageRegistrar.60e90c5f.chunk.min.js]
[static.parastorage.com/services/wix-thunderbolt/dist/platform.68d9ada1.chunk.min.js]
[static.parastorage.com/services/wix-thunderbolt/dist/vendors_vendor-react-dom.be7a0676.chunk.min.js]
[static.parastorage.com/services/wix-thunderbolt/dist/vendor-react-dom.6e25e583.chunk.min.js]
[static.parastorage.com/services/tag-manager-client/1.186.0/siteTags.bundle.min.js]
[static.parastorage.com/services/editor-elements/dist/thunderboltElements.1e33fcd2.bundle.min.js]
[yangyuqing9527.wixsite.com/index.html]
[static.parastorage.com/services/wix-perf-measure/1.258.0/wix-perf-measure.bundle.min.js]
[static.parastorage.com/services/wix-thunderbolt/dist/activePopup.ff089c32.chunk.min.js]
[static.parastorage.com/services/wix-thunderbolt/dist/dropdownMenu.20f9fe1f.chunk.min.js]
[static.parastorage.com/services/wix-thunderbolt/dist/navigation.f21c0173.chunk.min.js]
[static.parastorage.com/services/wix-thunderbolt/dist/ooiTpaSharedConfig.61d7dd2f.chunk.min.js]
[static.parastorage.com/services/wix-thunderbolt/dist/pageScroll.7cdf291c.chunk.min.js]
[static.parastorage.com/services/wix-thunderbolt/dist/platformPubsub.6afb35b8.chunk.min.js]
[static.parastorage.com/services/wix-thunderbolt/dist/scrollRestoration.32b2c330.chunk.min.js]
[static.parastorage.com/services/wix-thunderbolt/dist/scrollToAnchor.3399e623.chunk.min.js]
[static.parastorage.com/services/wix-thunderbolt/dist/tpa.b483b055.chunk.min.js]
[static.parastorage.com/services/wix-thunderbolt/dist/windowScroll.c190b90c.chunk.min.js]
[static.parastorage.com/services/wix-thunderbolt/dist/imageZoom.b662d71b.chunk.min.js]
[static.parastorage.com/services/wix-thunderbolt/dist/onloadCompsBehaviors.60cab0e7.chunk.min.js]
[static.parastorage.com/services/wix-thunderbolt/dist/pageAnchors.bc7f37fb.chunk.min.js]
[static.parastorage.com/services/wix-thunderbolt/dist/screenIn.608a3e66.chunk.min.js]
[static.parastorage.com/services/editor-elements/dist/bootstrap-components.28631e6e.chunk.min.js]
[static.parastorage.com/services/editor-elements/dist/FiveGridLine.caf9f338.chunk.min.js]
[static.parastorage.com/services/editor-elements/dist/AppWidget.ce368c57.chunk.min.js]
[static.parastorage.com/services/editor-elements/dist/FormContainer_FormContainerSkin.592b51cc.chunk.min.js]
[static.parastorage.com/services/editor-elements/dist/common-site-members-dialogs.a4bd6613.chunk.min.js]
[static.parastorage.com/services/editor-elements/dist/TextInput.f4a00346.chunk.min.js]
[static.parastorage.com/services/editor-elements/dist/TextAreaInput.90ed8d44.chunk.min.js]
[static.parastorage.com/services/editor-elements/dist/videobox-common.8e0821ec.chunk.min.js]
[static.parastorage.com/services/editor-elements/dist/vendors_TransparentVideo_TransparentVideoResponsive_VideoBox_VideoBoxResponsive.d1731789.chunk.min.js]
[static.parastorage.com/services/editor-elements/dist/VideoBox.c33c1809.chunk.min.js]
[static.parastorage.com/services/editor-elements/dist/DropDownMenu_TextOnlyMenuButtonSkin.e4b71792.chunk.min.js]
[static.parastorage.com/services/editor-elements/dist/WPhoto_CirclePhoto.728dffb9.chunk.min.js]
[static.parastorage.com/services/editor-elements/dist/PinnedLayer.273568ae.chunk.min.js]
[static.parastorage.com/services/editor-elements/dist/FreemiumBannerDesktop.4f46c728.chunk.min.js]
[yangyuqing9527.wixsite.com/jobbrokeronline.html]
[static.parastorage.com/services/wix-thunderbolt/dist/tpa-components.8b2229f2.chunk.min.js]
[yangyuqing9527.wixsite.com/jobbrokeronline/decodeURIComponent(e.html]
[yangyuqing9527.wixsite.com/jobbrokeronline/wix-thunderbolt/dist/index.html]
[yangyuqing9527.wixsite.com/jobbrokeronline/robots.html]
[yangyuqing9527.wixsite.com/jobbrokeronline/feed.html]
[yangyuqing9527.wixsite.com/jobbrokeronline/$&/index.html]
[yangyuqing9527.wixsite.com/_partials/index.html]
[yangyuqing9527.wixsite.com/index.html]
[yangyuqing9527.wixsite.com/jobbrokeronline/index.html]
[yangyuqing9527.wixsite.com/jobbrokeronline/index.html]
[yangyuqing9527.wixsite.com/jobbrokeronline/;-$Path=/;-XSRF-TOKEN=1604051726_6UZJ01KPUZ6Y;-$Path=/;-SameSite=None;-$Path=/;-hs=-228124060;-$Path=]
[yangyuqing9527.wixsite.com/jobbrokeronline/; $Path=/; XSRF-TOKEN=1604051726_6UZJ01KPUZ6Y; $Path=/; SameSite=None; $Path=/; hs=-228124060; $Path=/index.html]
[yangyuqing9527.wixsite.com/jobbrokeronline/;-$Path=/;-XSRF-TOKEN=1604051726_6UZJ01KPUZ6Y;-$Path=/;-SameSite=None;-$Path=/;-hs=-228124060;-$Path=.html]
